16:10:26 **** Incremental Build of configuration Debug for project GPIO ****
make -j12 all 
arm-none-eabi-gcc "../Core/Src/main.c" -mcpu=cortex-m3 -std=gnu11 -g3 -DDEBUG -DUSE_HAL_DRIVER -DSTM32F103xB -c -I../Core/Inc -I../Drivers/STM32F1xx_HAL_Driver/Inc/Legacy -I../Drivers/STM32F1xx_HAL_Driver/Inc -I../Drivers/CMSIS/Device/ST/STM32F1xx/Include -I../Drivers/CMSIS/Include -O0 -ffunction-sections -fdata-sections -Wall -fstack-usage -fcyclomatic-complexity -MMD -MP -MF"Core/Src/main.d" -MT"Core/Src/main.o" --specs=nano.specs -mfloat-abi=soft -mthumb -o "Core/Src/main.o"
arm-none-eabi-gcc -o "GPIO.elf" @"objects.list"   -mcpu=cortex-m3 -T"C:\Users\hung\STM32CubeIDE\workspace_1.16.0\Learning_stm32\GPIO\STM32F103C8TX_FLASH.ld" --specs=nosys.specs -Wl,-Map="GPIO.map" -Wl,--gc-sections -static --specs=nano.specs -mfloat-abi=soft -mthumb -Wl,--start-group -lc -lm -Wl,--end-group
Finished building target: GPIO.elf
 
arm-none-eabi-size  GPIO.elf 
arm-none-eabi-objdump -h -S GPIO.elf  > "GPIO.list"
arm-none-eabi-objcopy  -O ihex GPIO.elf  "GPIO.hex"
   text	   data	    bss	    dec	    hex	filename
   8324	     12	   1836	  10172	   27bc	GPIO.elf
Finished building: default.size.stdout
 
Finished building: GPIO.hex
 
Finished building: GPIO.list
 
